MPLINK 5.09, LINKER
Linker Map File - Created Fri Dec 03 11:26:02 2021

                                 Section Info
                  Section       Type    Address   Location Size(Bytes)
                ---------  ---------  ---------  ---------  ---------
                   .org_0       code   0x000000    program   0x000020
                   .cinit    romdata   0x000020    program   0x000002
.config_300001_BUILD/DEFAULT/DEBUG/LAB3_ADVANCE    romdata   0x300001    program   0x000001
.config_300003_BUILD/DEFAULT/DEBUG/LAB3_ADVANCE    romdata   0x300003    program   0x000001



                              Program Memory Usage 
                               Start         End      
                           ---------   ---------      
                            0x000000    0x000021      
                            0x300001    0x300001      
                            0x300003    0x300003      
            36 out of 33048 program addresses used, program memory utilization is 0%



                              Symbols - Sorted by Name
                     Name    Address   Location    Storage File                     
                ---------  ---------  ---------  --------- ---------                
                  initial   0x000000    program     static D:\MPLABXProjects\Lab3.X\Lab3_Advanced.asm
                     mult   0x000010    program     static D:\MPLABXProjects\Lab3.X\Lab3_Advanced.asm
             return_value   0x00001e    program     static D:\MPLABXProjects\Lab3.X\Lab3_Advanced.asm



                              Symbols - Sorted by Address
                     Name    Address   Location    Storage File                     
                ---------  ---------  ---------  --------- ---------                
                  initial   0x000000    program     static D:\MPLABXProjects\Lab3.X\Lab3_Advanced.asm
                     mult   0x000010    program     static D:\MPLABXProjects\Lab3.X\Lab3_Advanced.asm
             return_value   0x00001e    program     static D:\MPLABXProjects\Lab3.X\Lab3_Advanced.asm


