MPLINK 5.09, LINKER
Linker Map File - Created Fri Dec 03 01:04:39 2021

                                 Section Info
                  Section       Type    Address   Location Size(Bytes)
                ---------  ---------  ---------  ---------  ---------
                   .org_0       code   0x000000    program   0x000042
                   .cinit    romdata   0x000042    program   0x000002
.config_300001_BUILD/DEFAULT/DEBUG/LAB2_ADVANCE    romdata   0x300001    program   0x000001
.config_300003_BUILD/DEFAULT/DEBUG/LAB2_ADVANCE    romdata   0x300003    program   0x000001



                              Program Memory Usage 
                               Start         End      
                           ---------   ---------      
                            0x000000    0x000043      
                            0x300001    0x300001      
                            0x300003    0x300003      
            70 out of 33048 program addresses used, program memory utilization is 0%



                              Symbols - Sorted by Name
                     Name    Address   Location    Storage File                     
                ---------  ---------  ---------  --------- ---------                
           set_value_loop   0x000008    program     static D:\MPLABXProjects\Lab2.X\Lab2_advanced.asm
         set_value_loop_2   0x00001e    program     static D:\MPLABXProjects\Lab2.X\Lab2_advanced.asm
         set_value_loop_3   0x000038    program     static D:\MPLABXProjects\Lab2.X\Lab2_advanced.asm
                    start   0x000000    program     static D:\MPLABXProjects\Lab2.X\Lab2_advanced.asm



                              Symbols - Sorted by Address
                     Name    Address   Location    Storage File                     
                ---------  ---------  ---------  --------- ---------                
                    start   0x000000    program     static D:\MPLABXProjects\Lab2.X\Lab2_advanced.asm
           set_value_loop   0x000008    program     static D:\MPLABXProjects\Lab2.X\Lab2_advanced.asm
         set_value_loop_2   0x00001e    program     static D:\MPLABXProjects\Lab2.X\Lab2_advanced.asm
         set_value_loop_3   0x000038    program     static D:\MPLABXProjects\Lab2.X\Lab2_advanced.asm


